// Jest Snapshot v1, https://goo.gl/fbAQLP

exports[`<App /> renders component correctly 1`] = `
<div>
  <div
    class="App"
  >
    <header
      class="App-header"
    >
      <img
        alt="logo"
        class="App-logo"
        src="logo.svg"
      />
      <p>
        test
      </p>
      <a
        class="App-link"
        href="https://reactjs.org"
        rel="noopener noreferrer"
        target="_blank"
      >
        Learn React
      </a>
    </header>
  </div>
</div>
`;
